// Code generated - DO NOT EDIT.
// This file is auto generated by gen_must and any manual changes will be lost.

package testpkg

// mustDoThing has the behavior of doThing, except it panics on error
func mustDoThing() int {
	var0, err := doThing()
	if err != nil {
		panic(err)
	}
	return var0
}
