// Code generated - DO NOT EDIT.
// This file is auto generated by gen_must and any manual changes will be lost.

package testpkg

// MustDoThing has the behavior of DoThing, except it panics on error
func MustDoThing() int {
	var0, err := DoThing()
	if err != nil {
		panic(err)
	}
	return var0
}
