// Code generated - DO NOT EDIT.
// This file is auto generated by gen_must and any manual changes will be lost.

package testpkg

// mustMethod has the behavior of method, except it panics on error
func (t2 *TypeB[T]) mustMethod() int {
	var0, err := t2.method()
	if err != nil {
		panic(err)
	}
	return var0
}
