// Code generated - DO NOT EDIT.
// This file is auto generated by gen_must and any manual changes will be lost.

package testpkg

// mustOtherMethod has the behavior of otherMethod, except it panics on error
func (t3 TypeC[T, U]) mustOtherMethod() int {
	var0, err := t3.otherMethod()
	if err != nil {
		panic(err)
	}
	return var0
}
