// Code generated - DO NOT EDIT.
// This file is auto generated by gen_must and any manual changes will be lost.

package testpkg

// mustOtherMethod has the behavior of otherMethod, except it panics on error
func (t2 TypeB[T]) mustOtherMethod() int {
	var0, err := t2.otherMethod()
	if err != nil {
		panic(err)
	}
	return var0
}
