// Code generated - DO NOT EDIT.
// This file is auto generated by gen_must and any manual changes will be lost.

package testpkg

// MustDoStuff has the behavior of DoStuff, except it panics on error
func MustDoStuff[T any]() T {
	var0, err := DoStuff[T]()
	if err != nil {
		panic(err)
	}
	return var0
}
